// Jest Snapshot v1, https://goo.gl/fbAQLP

exports[`Pruebas con el componente <GifgridItem/> Debe de mostrar el componente correctamente 1`] = `
<div
  className="card animate__animated animate__fadeIn"
>
  <img
    alt="Un título"
    src="http://localhost/algo.jpg"
    title="Un título"
  />
</div>
`;
